// Jest Snapshot v1, https://goo.gl/fbAQLP

exports[`matches StatComponent snapshot 1`] = `
<div
  className="ant-card ant-card-bordered"
  style={
    Object {
      "flex": "1",
      "fontFamily": "Helvetica",
      "fontSize": "17px",
      "fontWeight": "bold",
      "gridArea": undefined,
      "textAlign": "center",
      "textShadow": "1px 0px 1px",
    }
  }
>
  <div
    className="ant-card-body"
    style={Object {}}
  >
    Loading...
  </div>
</div>
`;
